
> revolut-gateway@0.1.0 dev
> tsx --watch src/index.ts

[revolut] Starting Revolut Gateway...
[revolut] Session manager ready
[CLI subprocess] (node:85664) ExperimentalWarning: SQLite is an experimental feature and might change at any time
[CLI subprocess] (Use `node --trace-warnings ...` to show where the warning was created)
[agent] Copilot client started
node:events:497
      throw er; // Unhandled 'error' event
      ^

Error: listen EADDRINUSE[gateway] Client connected: 75b86f9c-89d (test)
[gateway] Handing off chat to agentRuntime: { sessionKey: 'test-sess', message: 'Hello' }
[agent] Queueing runTurn for lane session:test-sess
[agent] Starting runTurn for lane session:test-sess
[agent] Sending prompt to copilotSession...
[agent] Prompt sent, waiting for done promise...
[gateway] Client disconnected: 75b86f9c-89d
Failed running 'src/index.ts'. Waiting for file changes before restarting...
Restarting 'src/index.ts'
[revolut] Starting Revolut Gateway...
[revolut] Session manager ready
[CLI subprocess] (node:90108) ExperimentalWarning: SQLite is an experimental feature and might change at any time
[CLI subprocess] (Use `node --trace-warnings ...` to show where the warning was created)
[agent] Copilot client started
[gateway] Listening on port 18800
[revolut] Revolut Gateway running on ws://localhost:18800
 'src/index.ts'. Waiting for file changes before restarting...
